Python is working.